Renesas Optimizing Linker (V3.05.00 )             20-Jun-2025 17:48:05

*** Options ***

-MAKEUD=DefaultBuild\rl78EPL80.lk.ud
-subcommand=Output\rl78EPL80.clnk
-Input=Output\dMisc.obj
-Input=Output\cstart.obj
-Input=Output\hdwinit.obj
-Input=Output\stkinit.obj
-Input=Output\main.obj
-Input=Output\dDisplay.obj
-Input=Output\AppDisplay.obj
-Input=Output\AppVariables.obj
-Input=Output\dClock.obj
-Input=Output\AppPowerOnInit.obj
-Input=Output\d8bitTimer.obj
-Input=Output\dRtc.obj
-Input=Output\AppMisc.obj
-Input=Output\di2c.obj
-Input=Output\dIOCtrl.obj
-Input=Output\dUart.obj
-Input=Output\d12bitTimer.obj
-Input=Output\dDeltaSigmaADC.obj
-Input=Output\AppOneSecondTask.obj
-Input=Output\AppBilling.obj
-Input=Output\AppMD.obj
-Input=Output\AppScheduleAction.obj
-Input=Output\AppTod.obj
-Input=Output\AppBlockDailyLS.obj
-Input=Output\AppCalibration.obj
-Input=Output\AppCommunication.obj
-Input=Output\AppIntervalkWh.obj
-Input=Output\r_dlms_data.obj
-Input=Output\r_dlms_data_hls.obj
-Input=Output\r_dlms_data_ic.obj
-Input=Output\r_dlms_data_meter.obj
-Input=Output\r_dlms_user_interface.obj
-Input=Output\r_dlms_obis.obj
-Input=Output\r_dlms_obis_ic.obj
-Input=Output\serial.obj
-Input=Output\Timer.obj
-Input=Output\DLMS_User.obj
-Input=Output\AppTampers.obj
-Input=Output\AppBatteryManagement.obj
-Input=Output\dWatchDog.obj
-Input=Output\dVBat.obj
-Input=Output\dLVD.obj
-Input=Output\AppNMTask.obj
-Input=Output\AppProductionProcess.obj
-Input=Output\AppParaLimits.obj
-Input=Output\AppDefaultSet.obj
-Input=Output\BootResetVTable.obj
-Input=Output\dOsd.obj
-Input=Output\AppHarmonics.obj
-Input=Output\dDCImmunity.obj
-Input=Output\AppCustomerProtocol.obj
-Input=Output\AppUpdateComments.obj
-Input=Output\AppAccessProd.obj
-LIBrary=rlDlms\meter_app\aes\AES_128_EBC_CCRL.lib
-LIBrary=rlDlms\Lib\DLMSLib_RL78_V0.8.9_Common_IndiaSupport_CCRL_V106_AutoNoFar_OptimizeCode.lib
-LIBrary=rlDevice\DCImmunity\ccrl_rl78i1c_sw_dc_detection_only.lib
-SECURITY_ID=00000000000000000000
-DEVICE=C:\Program Files (x86)\Renesas Electronics\CS+\CC\Device\RL78\Devicefile\DR5F11TLG.DVF
-DEBug
-NOCOmpress
-NOOPtimize
-OUtput=DefaultBuild\rl78EPL80.abs
-LIBrary=C:\Program Files (x86)\Renesas Electronics\CS+\CC\CC-RL\V1.12.00\lib\rl78em4s.lib
-LIBrary=C:\Program Files (x86)\Renesas Electronics\CS+\CC\CC-RL\V1.12.00\lib\malloc_n.lib
-LIBrary=C:\Program Files (x86)\Renesas Electronics\CS+\CC\CC-RL\V1.12.00\lib\rl78em4r.lib
-OCDBG=84
-DEBUG_MONITOR
-USER_OPT_BYTE=FE5FE2
-LISt=DefaultBuild\rl78EPL80.map
-SHow=SYmbol,Reference,Xreference,Total_size,VECTOR,STRUCT,RELOCATION_ATTRIBUTE
-STARt=.const,.text,.RLIB,.SLIB,.textf,.constf,.data,.sdata/03000,.dataR,.bss/FDF00,.sdataR,.sbss/FFE20
-ROm=.data=.dataR
-ROm=.sdata=.sdataR
-NOMessage
-NOLOgo
-end

*** Error information ***

*** Mapping List ***

SECTION                            START      END         SIZE   ALIGN ATTRIBUTE
.vect
                                  00000000  0000007f        80   0     OTHER
.option_byte
                                  000000c0  000000c3         4   1     OPT_BYTE
.security_id
                                  000000c4  000000cd         a   1     SECUR_ID
.monitor1
                                  000000ce  000000d7         a   1     DATA_AT
DEFAULT_SET_AT400
                                  00000400  00000535       136   1     TEXT_AT
BOOT_VTABLE_AT1000
                                  00001000  00002fff      2000   1     TEXT_AT
.const
                                  00003000  00006117      3118   2     CONST
.text
                                  00006118  0000693c       825   1     TEXT
.RLIB
                                  0000693d  00007281       945   1     TEXTF
.SLIB
                                  00007282  000074dd       25c   1     TEXTF
.textf
                                  000074de  0001f8d2     183f5   1     TEXTF
.constf
                                  0001f8d4  0001f8d4         0   2     CONSTF
.data
                                  0001f8d4  0001fdf3       520   2     DATA
.sdata
                                  0001fdf4  0001fdf4         0   2     SDATA
.monitor2
                                  0001fe00  0001ffff       200   1     DATA_AT
.dataR
                                  000fdf00  000fe41f       520   2     DATA(R)
.bss
                                  000fe420  000ffba9      178a   2     BSS
.sdataR
                                  000ffe20  000ffe20         0   2     SDATA(R)
.sbss
                                  000ffe20  000ffe20         0   2     SBSS

*** Total Section Size ***

RAMDATA SECTION:  00001caa Byte(s)
ROMDATA SECTION:  000038d0 Byte(s)
PROGRAM SECTION:  0001b8f1 Byte(s)

*** Symbol List ***

SECTION=
FILE=                               START        END    SIZE
  SYMBOL                            ADDR        SIZE    INFO      COUNTS  OPT
    STRUCT                                      SIZE
      MEMBER                        ADDR        SIZE    INFO

SECTION=.vect
FILE=rlink_generates_04
                                  00000000  0000007f        80

SECTION=.option_byte
FILE=rlink_generates_01
                                  000000c0  000000c3         4

SECTION=.security_id
FILE=rlink_generates_03
                                  000000c4  000000cd         a

SECTION=.monitor1
FILE=rlink_generates_02
                                  000000ce  000000d7         a

SECTION=DEFAULT_SET_AT400
FILE=Output\AppDefaultSet.obj
                                  00000400  00000535       136
  FLASH_FW_VERSION
                                  00000400         0   none ,l         0
  FLASH_NO_OF_CATEGORY
                                  00000410         0   none ,l         0
  FLASH_PRE_BILL_SINGLE_ACTION
                                  00000411         0   none ,l         0
  FLASH_PASSIVE_SEA_ACT_TIME
                                  00000417         0   none ,l         0
  FLASH_MD_PERIOD
                                  0000041d         0   none ,l         0
  FLASH_LS_PERIOD
                                  00000420         0   none ,l         0
  FLASH_PRE_BILL_DAY_TYPE
                                  00000423         0   none ,l         0
  FLASH_ACTIVE_CAL_NAME
                                  00000426         0   none ,l         0
  FLASH_ACTIVE_SEASON1_ZONE_TIME
                                  0000045d         0   none ,l         0
  FLASH_ACTIVE_SEASON2_ZONE_TIME
                                  00000477         0   none ,l         0
  FLASH_ACTIVE_SEASON_TIME
                                  00000491         0   none ,l         0
  FLASH_PASSIVE_CAL_NAME
                                  00000499         0   none ,l         0
  FLASH_PASSIVE_SEASON1_ZONE_TIME
                                  000004d0         0   none ,l         0
  FLASH_PASSIVE_SEASON2_ZONE_TIME
                                  000004ea         0   none ,l         0
  FLASH_PASSIVE_SEASON_TIME
                                  00000504         0   none ,l         0
  FLASH_IS_MEMORY_CLEARED
                                  0000050c         0   none ,l         0
  FLASH_DEFAULT_LLS_KEY
                                  00000511         0   none ,l         0
  FLASH_DEFAULT_HLS_KEY
                                  0000051a         0   none ,l         0
  FLASH_DEFAULT_KONO
                                  0000052b         0   none ,l         0

SECTION=BOOT_VTABLE_AT1000
FILE=Output\BootResetVTable.obj
                                  00001000  00002fff      2000

SECTION=.const
FILE=Output\AppDisplay.obj
                                  00003000  00003cb5       cb6
  _lcdParamIDBuff
                                  00003000       2be   data ,g         6
  _txtmsg
                                  000032be       2e0   data ,g         c
  _disp
                                  0000359e       70e   data ,g         4
    struct lcdmap {
                                                   e
      _disp.Data
                                  0000359e         4   [near pointer]
      _disp.eep_addr
                                  000035a0         1   unsigned char
      _disp.digits
                                  000035a1         1   unsigned char
      _disp.offset
                                  000035a2         1   unsigned char
      _disp.modifier
                                  000035a3         1   unsigned char
      _disp.divisor
                                  000035a4         1   unsigned char
      _disp.symbol1
                                  000035a5         1   unsigned char
      _disp.symbol2
                                  000035a6         1   unsigned char
      _disp.symbol3
                                  000035a7         1   unsigned char
      _disp.id
                                  000035a8         1   unsigned char
      _disp.txtid
                                  000035a9         1   unsigned char
      _disp.time
                                  000035aa         1   unsigned char
      _disp.startdigit
                                  000035ab         1   unsigned char
    }
  _digit
                                  00003cac         a   data ,g         3
FILE=Output\AppMisc.obj
                                  00003cb6  00003cd9        24
FILE=Output\di2c.obj
                                  00003cda  00003cdd         4
FILE=Output\AppBlockDailyLS.obj
                                  00003cde  00003ce1         4
  _gbltotaldays
                                  00003cde         4   data ,g         7
FILE=Output\AppCommunication.obj
                                  00003ce2  00003d1f        3e
  _eeprom_default_set
                                  00003ce2        22   data ,g         1
FILE=Output\r_dlms_data.obj
                                  00003d20  00003e7c       15d
  _class03ParamID
                                  00003d20        29   data ,g         2
  _g_Class07_InstScalerBuffer
                                  00003d49        20   data ,g         1
    struct tag_scaler_unit_t {
                                                   2
      _g_Class07_InstScalerBuffer.scaler
                                  00003d49         1   signed char
      _g_Class07_InstScalerBuffer.unit
                                  00003d4a         1   enum tag_physical_unit_t
    }
  _g_Class07_BlockloadScalerBuffer
                                  00003d69         e   data ,g         1
    struct tag_scaler_unit_t {
                                                   2
      _g_Class07_BlockloadScalerBuffer.scaler
                                  00003d69         1   signed char
      _g_Class07_BlockloadScalerBuffer.unit
                                  00003d6a         1   enum tag_physical_unit_t
    }
  _g_Class07_DailyloadScalerBuffer
                                  00003d77         4   data ,g         1
    struct tag_scaler_unit_t {
                                                   2
      _g_Class07_DailyloadScalerBuffer.scaler
                                  00003d77         1   signed char
      _g_Class07_DailyloadScalerBuffer.unit
                                  00003d78         1   enum tag_physical_unit_t
    }
  _g_Class07_BillingScalerBuffer
                                  00003d7b        50   data ,g         1
    struct tag_scaler_unit_t {
                                                   2
      _g_Class07_BillingScalerBuffer.scaler
                                  00003d7b         1   signed char
      _g_Class07_BillingScalerBuffer.unit
                                  00003d7c         1   enum tag_physical_unit_t
    }
  _g_Class07_Event0ScalerBuffer
                                  00003dcb         c   data ,g         1
    struct tag_scaler_unit_t {
                                                   2
      _g_Class07_Event0ScalerBuffer.scaler
                                  00003dcb         1   signed char
      _g_Class07_Event0ScalerBuffer.unit
                                  00003dcc         1   enum tag_physical_unit_t
    }
FILE=Output\r_dlms_data_ic.obj
                                  00003e7e  00005419      159c
  _g_Class07_Dailyload_CapturePeriod
                                  00003e7e         4   data ,g         1
  _g_AccessRightTable
                                  00003e82        b4   data ,g        6a
    struct tag_access_right_t {
                                                   6
      _g_AccessRightTable.attributes
                                  00003e82         4   unsigned long
      _g_AccessRightTable.methods
                                  00003e86         2   unsigned short
    }
  _g_Class01_Dailyload_interval
                                  00003f36         4   data ,g         1
  _g_ChildTableClass01
                                  00003f3a       18c   data ,g         5
    struct tag_class01_child_record_t {
                                                  12
      _g_ChildTableClass01.logical_name
                                  00003f3a         6   unsigned char
      _g_ChildTableClass01.p_access_right
                                  00003f40         4   [near pointer]
      _g_ChildTableClass01.value
                                  00003f42         a
    struct tag_dyn_value_t {
                                                   a
      _g_ChildTableClass01.value.choice
                                  00003f42         2
    struct tag_choice_t {
                                                   2
      _g_ChildTableClass01.value.choice.type
                                  00003f42         1   enum tag_attr_type_t
      _g_ChildTableClass01.value.choice.size
                                  00003f43         1   signed char
    }
      _g_ChildTableClass01.value.buffer
                                  00003f44         4   [near pointer]
      _g_ChildTableClass01.value.access
                                  00003f46         6
    struct tag_attr_access_t {
                                                   6
      _g_ChildTableClass01.value.access.method
                                  00003f46         1   enum tag_attr_access_method_t
      _g_ChildTableClass01.value.access.addr
                                  00003f48         2   unsigned short
      _g_ChildTableClass01.value.access.size
                                  00003f4a         2   unsigned short
    }
    }
    }
  _g_ChildTableLengthClass01
                                  000040c6         2   data ,g         2
  _g_ChildTableClass03
                                  000040c8       30c   data ,g         4
    struct tag_class03_child_record_t {
                                                  14
      _g_ChildTableClass03.logical_name
                                  000040c8         6   unsigned char
      _g_ChildTableClass03.p_access_right
                                  000040ce         4   [near pointer]
      _g_ChildTableClass03.value
                                  000040d0         a
    struct tag_dyn_value_t {
                                                   a
      _g_ChildTableClass03.value.choice
                                  000040d0         2
    struct tag_choice_t {
                                                   2
      _g_ChildTableClass03.value.choice.type
                                  000040d0         1   enum tag_attr_type_t
      _g_ChildTableClass03.value.choice.size
                                  000040d1         1   signed char
    }
      _g_ChildTableClass03.value.buffer
                                  000040d2         4   [near pointer]
      _g_ChildTableClass03.value.access
                                  000040d4         6
    struct tag_attr_access_t {
                                                   6
      _g_ChildTableClass03.value.access.method
                                  000040d4         1   enum tag_attr_access_method_t
      _g_ChildTableClass03.value.access.addr
                                  000040d6         2   unsigned short
      _g_ChildTableClass03.value.access.size
                                  000040d8         2   unsigned short
    }
    }
      _g_ChildTableClass03.scaler_unit
                                  000040da         2
    struct tag_scaler_unit_t {
                                                   2
      _g_ChildTableClass03.scaler_unit.scaler
                                  000040da         1   signed char
      _g_ChildTableClass03.scaler_unit.unit
                                  000040db         1   enum tag_physical_unit_t
    }
    }
  _g_ChildTableLengthClass03
                                  000043d4         2   data ,g         2
  _g_Class04_ActiveMDStatus
                                  000043d6         3   data ,g        11
  _g_Class04_ApparentMDStatus
                                  000043d9         3   data ,g         1
  _g_ChildTableClass04
                                  000043dc       2d0   data ,g         4
    struct tag_class04_child_record_t {
                                                  28
      _g_ChildTableClass04.logical_name
                                  000043dc         6   unsigned char
      _g_ChildTableClass04.p_access_right
                                  000043e2         4   [near pointer]
      _g_ChildTableClass04.value
                                  000043e4         a
    struct tag_dyn_value_t {
                                                   a
      _g_ChildTableClass04.value.choice
                                  000043e4         2
    struct tag_choice_t {
                                                   2
      _g_ChildTableClass04.value.choice.type
                                  000043e4         1   enum tag_attr_type_t
      _g_ChildTableClass04.value.choice.size
                                  000043e5         1   signed char
    }
      _g_ChildTableClass04.value.buffer
                                  000043e6         4   [near pointer]
      _g_ChildTableClass04.value.access
                                  000043e8         6
    struct tag_attr_access_t {
                                                   6
      _g_ChildTableClass04.value.access.method
                                  000043e8         1   enum tag_attr_access_method_t
      _g_ChildTableClass04.value.access.addr
                                  000043ea         2   unsigned short
      _g_ChildTableClass04.value.access.size
                                  000043ec         2   unsigned short
    }
    }
      _g_ChildTableClass04.scaler_unit
                                  000043ee         2
    struct tag_scaler_unit_t {
                                                   2
      _g_ChildTableClass04.scaler_unit.scaler
                                  000043ee         1   signed char
      _g_ChildTableClass04.scaler_unit.unit
                                  000043ef         1   enum tag_physical_unit_t
    }
      _g_ChildTableClass04.status
                                  000043f0         a
    struct tag_dyn_value_t {
                                                   a
      _g_ChildTableClass04.status.choice
                                  000043f0         2
    struct tag_choice_t {
                                                   2
      _g_ChildTableClass04.status.choice.type
                                  000043f0         1   enum tag_attr_type_t
      _g_ChildTableClass04.status.choice.size
                                  000043f1         1   signed char
    }
      _g_ChildTableClass04.status.buffer
                                  000043f2         4   [near pointer]
      _g_ChildTableClass04.status.access
                                  000043f4         6
    struct tag_attr_access_t {
                                                   6
      _g_ChildTableClass04.status.access.method
                                  000043f4         1   enum tag_attr_access_method_t
      _g_ChildTableClass04.status.access.addr
                                  000043f6         2   unsigned short
      _g_ChildTableClass04.status.access.size
                                  000043f8         2   unsigned short
    }
    }
      _g_ChildTableClass04.capture_time
                                  000043fa         a
    struct tag_dyn_value_t {
                                                   a
      _g_ChildTableClass04.capture_time.choice
                                  000043fa         2
    struct tag_choice_t {
                                                   2
      _g_ChildTableClass04.capture_time.choice.type
                                  000043fa         1   enum tag_attr_type_t
      _g_ChildTableClass04.capture_time.choice.size
                                  000043fb         1   signed char
    }
      _g_ChildTableClass04.capture_time.buffer
                                  000043fc         4   [near pointer]
      _g_ChildTableClass04.capture_time.access
                                  000043fe         6
    struct tag_attr_access_t {
                                                   6
      _g_ChildTableClass04.capture_time.access.method
                                  000043fe         1   enum tag_attr_access_method_t
      _g_ChildTableClass04.capture_time.access.addr
                                  00004400         2   unsigned short
      _g_ChildTableClass04.capture_time.access.size
                                  00004402         2   unsigned short
    }
    }
    }
  _g_ChildTableLengthClass04
                                  000046ac         2   data ,g         2
  _g_Class07_SortObject
                                  000046ae         c   data ,g         f
    struct tag_class07_capture_object_t {
                                                   c
      _g_Class07_SortObject.logical_name
                                  000046ae         6   unsigned char
      _g_Class07_SortObject.class_id
                                  000046b4         2   unsigned short
      _g_Class07_SortObject.attr_id
                                  000046b6         2   unsigned short
      _g_Class07_SortObject.data_id
                                  000046b8         2   unsigned short
    }
  _g_Class07_SortMethod
                                  000046ba         1   data ,g         f
  _g_Class07_NoCapturePeriod
                                  000046bc         4   data ,g         d
  _g_Class07_FixCurrentEntry
                                  000046c0         2   data ,g         7
  _g_Class07_UniqueEntries
                                  000046c2         4   data ,g         e
  _g_Class07_InstCaptureObjects
                                  000046c6        f0   data ,g         1
    struct tag_class07_capture_object_t {
                                                   c
      _g_Class07_InstCaptureObjects.logical_name
                                  000046c6         6   unsigned char
      _g_Class07_InstCaptureObjects.class_id
                                  000046cc         2   unsigned short
      _g_Class07_InstCaptureObjects.attr_id
                                  000046ce         2   unsigned short
      _g_Class07_InstCaptureObjects.data_id
                                  000046d0         2   unsigned short
    }
  _g_Class07_InstCaptureObjectsLength
                                  000047b6         2   data ,g         1
  _PARA_RAM_SIZE_INSTANT
                                  000047b8        14   data ,g         1
  _g_Class07_InstCaptureObjects_Scaler
                                  000047cc        90   data ,g         1
    struct tag_class07_capture_object_t {
                                                   c
      _g_Class07_InstCaptureObjects_Scaler.logical_name
                                  000047cc         6   unsigned char
      _g_Class07_InstCaptureObjects_Scaler.class_id
                                  000047d2         2   unsigned short
      _g_Class07_InstCaptureObjects_Scaler.attr_id
                                  000047d4         2   unsigned short
      _g_Class07_InstCaptureObjects_Scaler.data_id
                                  000047d6         2   unsigned short
    }
  _g_Class07_InstCaptureObjectsLength_Scaler
                                  0000485c         2   data ,g         1
  _g_Class07_BlockloadCaptureObjects
                                  0000485e        60   data ,g         1
    struct tag_class07_capture_object_t {
                                                   c
      _g_Class07_BlockloadCaptureObjects.logical_name
                                  0000485e         6   unsigned char
      _g_Class07_BlockloadCaptureObjects.class_id
                                  00004864         2   unsigned short
      _g_Class07_BlockloadCaptureObjects.attr_id
                                  00004866         2   unsigned short
      _g_Class07_BlockloadCaptureObjects.data_id
                                  00004868         2   unsigned short
    }
  _g_Class07_BlockloadCaptureObjectsLength
                                  000048be         2   data ,g         1
  _PARA_RAM_SIZE_BLOCKLOAD
                                  000048c0         8   data ,g         1
  _g_Class07_BlockloadCaptureObjects_Scaler
                                  000048c8        54   data ,g         1
    struct tag_class07_capture_object_t {
                                                   c
      _g_Class07_BlockloadCaptureObjects_Scaler.logical_name
                                  000048c8         6   unsigned char
      _g_Class07_BlockloadCaptureObjects_Scaler.class_id
                                  000048ce         2   unsigned short
      _g_Class07_BlockloadCaptureObjects_Scaler.attr_id
                                  000048d0         2   unsigned short
      _g_Class07_BlockloadCaptureObjects_Scaler.data_id
                                  000048d2         2   unsigned short
    }
  _g_Class07_BlockloadCaptureObjectsLength_Scaler
                                  0000491c         2   data ,g         1
  _g_Class07_Blockload_MaxEntries
                                  0000491e         4   data ,g         1
  _g_Class07_DailyloadCaptureObjects
                                  00004922        24   data ,g         1
    struct tag_class07_capture_object_t {
                                                   c
      _g_Class07_DailyloadCaptureObjects.logical_name
                                  00004922         6   unsigned char
      _g_Class07_DailyloadCaptureObjects.class_id
                                  00004928         2   unsigned short
      _g_Class07_DailyloadCaptureObjects.attr_id
                                  0000492a         2   unsigned short
      _g_Class07_DailyloadCaptureObjects.data_id
                                  0000492c         2   unsigned short
    }
  _g_Class07_DailyloadCaptureObjectsLength
                                  00004946         2   data ,g         1
  _PARA_RAM_SIZE_DAILYLOAD
                                  00004948         3   data ,g         1
  _g_Class07_DailyloadCaptureObjects_Scaler
                                  0000494c        18   data ,g         1
    struct tag_class07_capture_object_t {
                                                   c
      _g_Class07_DailyloadCaptureObjects_Scaler.logical_name
                                  0000494c         6   unsigned char
      _g_Class07_DailyloadCaptureObjects_Scaler.class_id
                                  00004952         2   unsigned short
      _g_Class07_DailyloadCaptureObjects_Scaler.attr_id
                                  00004954         2   unsigned short
      _g_Class07_DailyloadCaptureObjects_Scaler.data_id
                                  00004956         2   unsigned short
    }
  _g_Class07_DailyloadCaptureObjectsLength_Scaler
                                  00004964         2   data ,g         1
  _g_Class07_Dailyload_MaxEntries
                                  00004966         4   data ,g         1
  _g_Class07_BillingCaptureObjects
                                  0000496a       2d0   data ,g         1
    struct tag_class07_capture_object_t {
                                                   c
      _g_Class07_BillingCaptureObjects.logical_name
                                  0000496a         6   unsigned char
      _g_Class07_BillingCaptureObjects.class_id
                                  00004970         2   unsigned short
      _g_Class07_BillingCaptureObjects.attr_id
                                  00004972         2   unsigned short
      _g_Class07_BillingCaptureObjects.data_id
                                  00004974         2   unsigned short
    }
  _g_Class07_BillingCaptureObjectsLength
                                  00004c3a         2   data ,g         1
  _PARA_RAM_SIZE_BILLING
                                  00004c3c        3c   data ,g         1
  _g_Class07_BillingCaptureObjects_Scaler
                                  00004c78       1ec   data ,g         1
    struct tag_class07_capture_object_t {
                                                   c
      _g_Class07_BillingCaptureObjects_Scaler.logical_name
                                  00004c78         6   unsigned char
      _g_Class07_BillingCaptureObjects_Scaler.class_id
                                  00004c7e         2   unsigned short
      _g_Class07_BillingCaptureObjects_Scaler.attr_id
                                  00004c80         2   unsigned short
      _g_Class07_BillingCaptureObjects_Scaler.data_id
                                  00004c82         2   unsigned short
    }
  _g_Class07_BillingCaptureObjectsLength_Scaler
                                  00004e64         2   data ,g         1
  _g_Class07_Billing_MaxEntries
                                  00004e66         4   data ,g         1
  _g_Class07_Event0CaptureObjects
                                  00004e6a        60   data ,g         1
    struct tag_class07_capture_object_t {
                                                   c
      _g_Class07_Event0CaptureObjects.logical_name
                                  00004e6a         6   unsigned char
      _g_Class07_Event0CaptureObjects.class_id
                                  00004e70         2   unsigned short
      _g_Class07_Event0CaptureObjects.attr_id
                                  00004e72         2   unsigned short
      _g_Class07_Event0CaptureObjects.data_id
                                  00004e74         2   unsigned short
    }
  _g_Class07_Event1CaptureObjects
                                  00004eca        18   data ,g         1
    struct tag_class07_capture_object_t {
                                                   c
      _g_Class07_Event1CaptureObjects.logical_name
                                  00004eca         6   unsigned char
      _g_Class07_Event1CaptureObjects.class_id
                                  00004ed0         2   unsigned short
      _g_Class07_Event1CaptureObjects.attr_id
                                  00004ed2         2   unsigned short
      _g_Class07_Event1CaptureObjects.data_id
                                  00004ed4         2   unsigned short
    }
  _g_Class07_Event2CaptureObjects
                                  00004ee2        60   data ,g         1
    struct tag_class07_capture_object_t {
                                                   c
      _g_Class07_Event2CaptureObjects.logical_name
                                  00004ee2         6   unsigned char
      _g_Class07_Event2CaptureObjects.class_id
                                  00004ee8         2   unsigned short
      _g_Class07_Event2CaptureObjects.attr_id
                                  00004eea         2   unsigned short
      _g_Class07_Event2CaptureObjects.data_id
                                  00004eec         2   unsigned short
    }
  _g_Class07_Event3CaptureObjects
                                  00004f42        60   data ,g         1
    struct tag_class07_capture_object_t {
                                                   c
      _g_Class07_Event3CaptureObjects.logical_name
                                  00004f42         6   unsigned char
      _g_Class07_Event3CaptureObjects.class_id
                                  00004f48         2   unsigned short
      _g_Class07_Event3CaptureObjects.attr_id
                                  00004f4a         2   unsigned short
      _g_Class07_Event3CaptureObjects.data_id
                                  00004f4c         2   unsigned short
    }
  _g_Class07_Event4CaptureObjects
                                  00004fa2        24   data ,g         1
    struct tag_class07_capture_object_t {
                                                   c
      _g_Class07_Event4CaptureObjects.logical_name
                                  00004fa2         6   unsigned char
      _g_Class07_Event4CaptureObjects.class_id
                                  00004fa8         2   unsigned short
      _g_Class07_Event4CaptureObjects.attr_id
                                  00004faa         2   unsigned short
      _g_Class07_Event4CaptureObjects.data_id
                                  00004fac         2   unsigned short
    }
  _g_Class07_Event0CaptureObjectsLength
                                  00004fc6         2   data ,g         2
  _g_Class07_Event1CaptureObjectsLength
                                  00004fc8         2   data ,g         3
  _PARA_RAM_SIZE_EVENT
                                  00004fca         9   data ,g         1
  _g_Class07_Event0CaptureObjects_Scaler
                                  00004fd4        48   data ,g         1
    struct tag_class07_capture_object_t {
                                                   c
      _g_Class07_Event0CaptureObjects_Scaler.logical_name
                                  00004fd4         6   unsigned char
      _g_Class07_Event0CaptureObjects_Scaler.class_id
                                  00004fda         2   unsigned short
      _g_Class07_Event0CaptureObjects_Scaler.attr_id
                                  00004fdc         2   unsigned short
      _g_Class07_Event0CaptureObjects_Scaler.data_id
                                  00004fde         2   unsigned short
    }
  _g_Class07_Event0CaptureObjectsLength_Scaler
                                  0000501c         2   data ,g         1
  _g_Class07_Event0_MaxEntries
                                  0000501e         4   data ,g         0
  _g_Class07_Event1_MaxEntries
                                  00005022         4   data ,g         0
  _g_Class07_Event2_MaxEntries
                                  00005026         4   data ,g         0
  _g_Class07_Event3_MaxEntries
                                  0000502a         4   data ,g         0
  _g_Class07_Event4_MaxEntries
                                  0000502e         4   data ,g         0
  _g_Class07_NamePlateCaptureObjects
                                  00005032        54   data ,g         1
    struct tag_class07_capture_object_t {
                                                   c
      _g_Class07_NamePlateCaptureObjects.logical_name
                                  00005032         6   unsigned char
      _g_Class07_NamePlateCaptureObjects.class_id
                                  00005038         2   unsigned short
      _g_Class07_NamePlateCaptureObjects.attr_id
                                  0000503a         2   unsigned short
      _g_Class07_NamePlateCaptureObjects.data_id
                                  0000503c         2   unsigned short
    }
  _g_Class07_NamePlateCaptureObjectsLength
                                  00005086         2   data ,g         1
  _g_ChildTableClass07
                                  00005088       168   data ,g         4
    struct tag_class07_child_record_t {
                                                  18
      _g_ChildTableClass07.logical_name
                                  00005088         6   unsigned char
      _g_ChildTableClass07.p_access_right
                                  0000508e         4   [near pointer]
      _g_ChildTableClass07.p_buff
                                  00005090         4   [near pointer]
      _g_ChildTableClass07.p_capture_objects
                                  00005092         4   [near pointer]
      _g_ChildTableClass07.p_capture_obj_length
                                  00005094         4   [near pointer]
      _g_ChildTableClass07.p_capture_period
                                  00005096         4   [near pointer]
      _g_ChildTableClass07.p_sort_method
                                  00005098         4   [near pointer]
      _g_ChildTableClass07.p_sort_object
                                  0000509a         4   [near pointer]
      _g_ChildTableClass07.p_entries_in_use
                                  0000509c         4   [near pointer]
      _g_ChildTableClass07.p_profile_entries
                                  0000509e         4   [near pointer]
    }
  _g_ChildTableLengthClass07
                                  000051f0         2   data ,g         1
  _g_Class08_RTC_DaylightSavingsBegin
                                  000051f2         c   data ,g         1
    struct tag_date_time_t {
                                                   c
      _g_Class08_RTC_DaylightSavingsBegin.year_high
                                  000051f2         1   unsigned char
      _g_Class08_RTC_DaylightSavingsBegin.year_low
                                  000051f3         1   unsigned char
      _g_Class08_RTC_DaylightSavingsBegin.month
                                  000051f4         1   unsigned char
      _g_Class08_RTC_DaylightSavingsBegin.day_of_month
                                  000051f5         1   unsigned char
      _g_Class08_RTC_DaylightSavingsBegin.day_of_week
                                  000051f6         1   unsigned char
      _g_Class08_RTC_DaylightSavingsBegin.hour
                                  000051f7         1   unsigned char
      _g_Class08_RTC_DaylightSavingsBegin.minute
                                  000051f8         1   unsigned char
      _g_Class08_RTC_DaylightSavingsBegin.second
                                  000051f9         1   unsigned char
      _g_Class08_RTC_DaylightSavingsBegin.hundredths
                                  000051fa         1   unsigned char
      _g_Class08_RTC_DaylightSavingsBegin.deviation_high
                                  000051fb         1   unsigned char
      _g_Class08_RTC_DaylightSavingsBegin.deviation_low
                                  000051fc         1   unsigned char
      _g_Class08_RTC_DaylightSavingsBegin.clock_status
                                  000051fd         1   unsigned char
    }
  _g_Class08_RTC_DaylightSavingsEnd
                                  000051fe         c   data ,g         1
    struct tag_date_time_t {
                                                   c
      _g_Class08_RTC_DaylightSavingsEnd.year_high
                                  000051fe         1   unsigned char
      _g_Class08_RTC_DaylightSavingsEnd.year_low
                                  000051ff         1   unsigned char
      _g_Class08_RTC_DaylightSavingsEnd.month
                                  00005200         1   unsigned char
      _g_Class08_RTC_DaylightSavingsEnd.day_of_month
                                  00005201         1   unsigned char
      _g_Class08_RTC_DaylightSavingsEnd.day_of_week
                                  00005202         1   unsigned char
      _g_Class08_RTC_DaylightSavingsEnd.hour
                                  00005203         1   unsigned char
      _g_Class08_RTC_DaylightSavingsEnd.minute
                                  00005204         1   unsigned char
      _g_Class08_RTC_DaylightSavingsEnd.second
                                  00005205         1   unsigned char
      _g_Class08_RTC_DaylightSavingsEnd.hundredths
                                  00005206         1   unsigned char
      _g_Class08_RTC_DaylightSavingsEnd.deviation_high
                                  00005207         1   unsigned char
      _g_Class08_RTC_DaylightSavingsEnd.deviation_low
                                  00005208         1   unsigned char
      _g_Class08_RTC_DaylightSavingsEnd.clock_status
                                  00005209         1   unsigned char
    }
  _g_Class08_RTC_DaylightSavingsDeviation
                                  0000520a         1   data ,g         1
  _g_Class08_RTC_DaylightSavingsEnabled
                                  0000520b         1   data ,g         1
  _g_Class08_RTC_ClockBase
                                  0000520c         1   data ,g         1
  _g_ChildTableClass08
                                  0000520e        28   data ,g         1
    struct tag_class08_child_record_t {
                                                  28
      _g_ChildTableClass08.logical_name
                                  0000520e         6   unsigned char
      _g_ChildTableClass08.p_access_right
                                  00005214         4   [near pointer]
      _g_ChildTableClass08.time
                                  00005216         a
    struct tag_dyn_value_t {
                                                   a
      _g_ChildTableClass08.time.choice
                                  00005216         2
    struct tag_choice_t {
                                                   2
      _g_ChildTableClass08.time.choice.type
                                  00005216         1   enum tag_attr_type_t
      _g_ChildTableClass08.time.choice.size
                                  00005217         1   signed char
    }
      _g_ChildTableClass08.time.buffer
                                  00005218         4   [near pointer]
      _g_ChildTableClass08.time.access
                                  0000521a         6
    struct tag_attr_access_t {
                                                   6
      _g_ChildTableClass08.time.access.method
                                  0000521a         1   enum tag_attr_access_method_t
      _g_ChildTableClass08.time.access.addr
                                  0000521c         2   unsigned short
      _g_ChildTableClass08.time.access.size
                                  0000521e         2   unsigned short
    }
    }
      _g_ChildTableClass08.p_time_zone
                                  00005220         4   [near pointer]
      _g_ChildTableClass08.status
                                  00005222         a
    struct tag_dyn_value_t {
                                                   a
      _g_ChildTableClass08.status.choice
                                  00005222         2
    struct tag_choice_t {
                                                   2
      _g_ChildTableClass08.status.choice.type
                                  00005222         1   enum tag_attr_type_t
      _g_ChildTableClass08.status.choice.size
                                  00005223         1   signed char
    }
      _g_ChildTableClass08.status.buffer
                                  00005224         4   [near pointer]
      _g_ChildTableClass08.status.access
                                  00005226         6
    struct tag_attr_access_t {
                                                   6
      _g_ChildTableClass08.status.access.method
                                  00005226         1   enum tag_attr_access_method_t
      _g_ChildTableClass08.status.access.addr
                                  00005228         2   unsigned short
      _g_ChildTableClass08.status.access.size
                                  0000522a         2   unsigned short
    }
    }
      _g_ChildTableClass08.p_daylight_savings_begin
                                  0000522c         4   [near pointer]
      _g_ChildTableClass08.p_daylight_savings_end
                                  0000522e         4   [near pointer]
      _g_ChildTableClass08.p_daylight_savings_deviation
                                  00005230         4   [near pointer]
      _g_ChildTableClass08.p_daylight_savings_enabled
                                  00005232         4   [near pointer]
      _g_ChildTableClass08.p_clock_base
                                  00005234         4   [near pointer]
    }
  _g_ChildTableLengthClass08
                                  00005236         2   data ,g         1
  _g_Class09_param
                                  00005238         2   data ,g         1
  _g_Class09_param2
                                  0000523a         2   data ,g         4
  _g_Class09_billaction
                                  0000523c        10   data ,g         1
    struct tag_script_action_spec_t {
                                                  10
      _g_Class09_billaction.service_id
                                  0000523c         1   enum tag_service_t
      _g_Class09_billaction.class_id
                                  0000523e         2   unsigned short
      _g_Class09_billaction.logical_name
                                  00005240         6   unsigned char
      _g_Class09_billaction.index
                                  00005246         1   signed char
      _g_Class09_billaction.parameter
                                  00005248         4
    struct tag_value_t {
                                                   4
      _g_Class09_billaction.parameter.choice
                                  00005248         2
    struct tag_choice_t {
                                                   2
      _g_Class09_billaction.parameter.choice.type
                                  00005248         1   enum tag_attr_type_t
      _g_Class09_billaction.parameter.choice.size
                                  00005249         1   signed char
    }
      _g_Class09_billaction.parameter.buffer
                                  0000524a         4   [near pointer]
    }
    }
  _g_Class09_Script_Billing
                                  0000524c         6   data ,g         1
    struct tag_script_t {
                                                   6
      _g_Class09_Script_Billing.script_id
                                  0000524c         2   unsigned short
      _g_Class09_Script_Billing.p_actions
                                  0000524e         4   [near pointer]
      _g_Class09_Script_Billing.nr_actions
                                  00005250         1   unsigned char
    }
  _g_Class09_tariffaction
                                  00005252        40   data ,g         4
    struct tag_script_action_spec_t {
                                                  10
      _g_Class09_tariffaction.service_id
                                  00005252         1   enum tag_service_t
      _g_Class09_tariffaction.class_id
                                  00005254         2   unsigned short
      _g_Class09_tariffaction.logical_name
                                  00005256         6   unsigned char
      _g_Class09_tariffaction.index
                                  0000525c         1   signed char
      _g_Class09_tariffaction.parameter
                                  0000525e         4
    struct tag_value_t {
                                                   4
      _g_Class09_tariffaction.parameter.choice
                                  0000525e         2
    struct tag_choice_t {
                                                   2
      _g_Class09_tariffaction.parameter.choice.type
                                  0000525e         1   enum tag_attr_type_t
      _g_Class09_tariffaction.parameter.choice.size
                                  0000525f         1   signed char
    }
      _g_Class09_tariffaction.parameter.buffer
                                  00005260         4   [near pointer]
    }
    }
  _g_Class09_Script_Tariff
                                  00005292        18   data ,g         1
    struct tag_script_t {
                                                   6
      _g_Class09_Script_Tariff.script_id
                                  00005292         2   unsigned short
      _g_Class09_Script_Tariff.p_actions
                                  00005294         4   [near pointer]
      _g_Class09_Script_Tariff.nr_actions
                                  00005296         1   unsigned char
    }
  _g_ChildTableClass09
                                  000052aa        18   data ,g         1
    struct tag_class09_child_record_t {
                                                   c
      _g_ChildTableClass09.logical_name
                                  000052aa         6   unsigned char
      _g_ChildTableClass09.p_access_right
                                  000052b0         4   [near pointer]
      _g_ChildTableClass09.p_scripts
                                  000052b2         4   [near pointer]
      _g_ChildTableClass09.nr_scripts
                                  000052b4         1   unsigned char
    }
  _g_ChildTableLengthClass09
                                  000052c2         2   data ,g         1
  _secret0
                                  000052c4         1   data ,g         1
  _g_ChildTableClass15
                                  000052c6        54   data ,g        18
    struct tag_class15_child_record_t {
                                                  1c
      _g_ChildTableClass15.logical_name
                                  000052c6         6   unsigned char
      _g_ChildTableClass15.p_access_right
                                  000052cc         4   [near pointer]
      _g_ChildTableClass15.partners_id
                                  000052ce         4
    struct tag_associated_partners_t {
                                                   4
      _g_ChildTableClass15.partners_id.client_SAP
                                  000052ce         1   signed char
      _g_ChildTableClass15.partners_id.server_SAP
                                  000052d0         2   unsigned short
    }
      _g_ChildTableClass15.context_id
                                  000052d2         1   unsigned char
      _g_ChildTableClass15.mechanism_id
                                  000052d3         1   unsigned char
      _g_ChildTableClass15.conformance
                                  000052d4         3
    union  tag_conformance_t {
                                                   3
      _g_ChildTableClass15.conformance.bytes
                                  000052d4         3
    struct  {
                                                   3
      _g_ChildTableClass15.conformance.bytes.bytes0
                                  000052d4         1   unsigned char
      _g_ChildTableClass15.conformance.bytes.bytes1
                                  000052d5         1   unsigned char
      _g_ChildTableClass15.conformance.bytes.bytes2
                                  000052d6         1   unsigned char
    }
      _g_ChildTableClass15.conformance.bits
                                  000052d4         3
    struct  {
                                                   3
      _g_ChildTableClass15.conformance.bits.reserved4
                                  000052d4         1   unsigned char:1(7)
      _g_ChildTableClass15.conformance.bits.reserved3
                                  000052d4         1   unsigned char:1(6)
      _g_ChildTableClass15.conformance.bits.unconfirmed_write
                                  000052d4         1   unsigned char:1(5)
      _g_ChildTableClass15.conformance.bits.write
                                  000052d4         1   unsigned char:1(4)
      _g_ChildTableClass15.conformance.bits.read
                                  000052d4         1   unsigned char:1(3)
      _g_ChildTableClass15.conformance.bits.reserved2
                                  000052d4         1   unsigned char:1(2)
      _g_ChildTableClass15.conformance.bits.reserved1
                                  000052d4         1   unsigned char:1(1)
      _g_ChildTableClass15.conformance.bits.reserved0
                                  000052d4         1   unsigned char:1(0)
      _g_ChildTableClass15.conformance.bits.information_report
                                  000052d5         1   unsigned char:1(7)
      _g_ChildTableClass15.conformance.bits.multiple_references
                                  000052d5         1   unsigned char:1(6)
      _g_ChildTableClass15.conformance.bits.block_transfer_with_action
                                  000052d5         1   unsigned char:1(5)
      _g_ChildTableClass15.conformance.bits.block_transfer_with_set
                                  000052d5         1   unsigned char:1(4)
      _g_ChildTableClass15.conformance.bits.block_transfer_with_get
                                  000052d5         1   unsigned char:1(3)
      _g_ChildTableClass15.conformance.bits.attribute0_supported_with_get
                                  000052d5         1   unsigned char:1(2)
      _g_ChildTableClass15.conformance.bits.priority_mgmt_supported
                                  000052d5         1   unsigned char:1(1)
      _g_ChildTableClass15.conformance.bits.attribute0_supported_with_set
                                  000052d5         1   unsigned char:1(0)
      _g_ChildTableClass15.conformance.bits.action
                                  000052d6         1   unsigned char:1(7)
      _g_ChildTableClass15.conformance.bits.event_notification
                                  000052d6         1   unsigned char:1(6)
      _g_ChildTableClass15.conformance.bits.selective_access
                                  000052d6         1   unsigned char:1(5)
      _g_ChildTableClass15.conformance.bits.set
                                  000052d6         1   unsigned char:1(4)
      _g_ChildTableClass15.conformance.bits.get
                                  000052d6         1   unsigned char:1(3)
      _g_ChildTableClass15.conformance.bits.parameterized_access
                                  000052d6         1   unsigned char:1(2)
      _g_ChildTableClass15.conformance.bits.reserved6
                                  000052d6         1   unsigned char:1(1)
      _g_ChildTableClass15.conformance.bits.reserved5
                                  000052d6         1   unsigned char:1(0)
    }
    }
      _g_ChildTableClass15.dlms_version
                                  000052d7         1   unsigned char
      _g_ChildTableClass15.p_secret_key
                                  000052d8         4   [near pointer]
      _g_ChildTableClass15.p_shared_key
                                  000052da         4   [near pointer]
      _g_ChildTableClass15.p_status
                                  000052dc         4   [near pointer]
      _g_ChildTableClass15.p_authen_status
                                  000052de         4   [near pointer]
      _g_ChildTableClass15.p_security_setup_ref
                                  000052e0         4   [near pointer]
    }
  _g_ChildTableLengthClass15
                                  0000532c         2   data ,g         4
  _g_LDN_name1
                                  0000532e         7   data ,g         1
  _g_Class17_SAP_lists
                                  00005336         6   data ,g         1
    struct tag_asslist_entry_t {
                                                   6
      _g_Class17_SAP_lists.sap
                                  00005336         2   unsigned short
      _g_Class17_SAP_lists.logical_device_name
                                  00005338         4
    struct tag_value_t {
                                                   4
      _g_Class17_SAP_lists.logical_device_name.choice
                                  00005338         2
    struct tag_choice_t {
                                                   2
      _g_Class17_SAP_lists.logical_device_name.choice.type
                                  00005338         1   enum tag_attr_type_t
      _g_Class17_SAP_lists.logical_device_name.choice.size
                                  00005339         1   signed char
    }
      _g_Class17_SAP_lists.logical_device_name.buffer
                                  0000533a         4   [near pointer]
    }
    }
  _g_ChildTableClass17
                                  0000533c         c   data ,g         1
    struct tag_class17_child_record_t {
                                                   c
      _g_ChildTableClass17.logical_name
                                  0000533c         6   unsigned char
      _g_ChildTableClass17.p_access_right
                                  00005342         4   [near pointer]
      _g_ChildTableClass17.p_sap_assignment
                                  00005344         4   [near pointer]
      _g_ChildTableClass17.nr_sap_assignment
                                  00005346         1   unsigned char
    }
  _g_ChildTableLengthClass17
                                  00005348         2   data ,g         1
  _g_Class20_calendar_active_len
                                  0000534a         1   data ,g         1
  _g_Class20_calendar_passive_len
                                  0000534b         1   data ,g         1
  _g_ChildTableClass20
                                  0000534c        2a   data ,g         1
    struct tag_class20_child_record_t {
                                                  2a
      _g_ChildTableClass20.logical_name
                                  0000534c         6   unsigned char
      _g_ChildTableClass20.p_access_right
                                  00005352         4   [near pointer]
      _g_ChildTableClass20.p_calendar_name_active
                                  00005354         4   [near pointer]
      _g_ChildTableClass20.p_calendar_name_active_len
                                  00005356         4   [near pointer]
      _g_ChildTableClass20.p_season_profile_active
                                  00005358         4   [near pointer]
      _g_ChildTableClass20.nr_season_profile_active
                                  0000535a         1   unsigned char
      _g_ChildTableClass20.p_week_profile_active
                                  0000535c         4   [near pointer]
      _g_ChildTableClass20.nr_week_profile_active
                                  0000535e         1   unsigned char
      _g_ChildTableClass20.p_day_profile_active
                                  00005360         4   [near pointer]
      _g_ChildTableClass20.nr_day_profile_active
                                  00005362         1   unsigned char
      _g_ChildTableClass20.p_calendar_name_passive
                                  00005364         4   [near pointer]
      _g_ChildTableClass20.p_calendar_name_passive_len
                                  00005366         4   [near pointer]
      _g_ChildTableClass20.p_season_profile_passive
                                  00005368         4   [near pointer]
      _g_ChildTableClass20.nr_season_profile_passive
                                  0000536a         1   unsigned char
      _g_ChildTableClass20.p_week_profile_passive
                                  0000536c         4   [near pointer]
      _g_ChildTableClass20.nr_week_profile_passive
                                  0000536e         1   unsigned char
      _g_ChildTableClass20.p_day_profile_passive
                                  00005370         4   [near pointer]
      _g_ChildTableClass20.nr_day_profile_passive
                                  00005372         1   unsigned char
      _g_ChildTableClass20.p_activate_calendar_passive
                                  00005374         4   [near pointer]
    }
  _g_ChildTableLengthClass20
                                  00005376         2   data ,g         1
  _g_Class22_billscript
                                  00005378         8   data ,g         1
    struct tag_action_item_t {
                                                   8
      _g_Class22_billscript.script_logical_name
                                  00005378         6   unsigned char
      _g_Class22_billscript.script_selector
                                  0000537e         2   unsigned short
    }
  _g_Class22_bill_exetime
                                  00005380         4   data ,g         3
    struct tag_execution_time_date_t {
                                                   4
      _g_Class22_bill_exetime.p_time
                                  00005380         4   [near pointer]
      _g_Class22_bill_exetime.p_date
                                  00005382         4   [near pointer]
    }
  _g_Class22_billtype
                                  00005384         1   data ,g         1
  _g_ChildTableClass22
                                  00005386        10   data ,g         1
    struct tag_class22_child_record_t {
                                                  10
      _g_ChildTableClass22.logical_name
                                  00005386         6   unsigned char
      _g_ChildTableClass22.p_access_right
                                  0000538c         4   [near pointer]
      _g_ChildTableClass22.p_executed_script
                                  0000538e         4   [near pointer]
      _g_ChildTableClass22.p_type
                                  00005390         4   [near pointer]
      _g_ChildTableClass22.p_execution_time
                                  00005392         4   [near pointer]
      _g_ChildTableClass22.nr_execution_time
                                  00005394         1   unsigned char
    }
  _g_ChildTableLengthClass22
                                  00005396         2   data ,g         1
  _g_Class23_device_addr
                                  00005398         2   data ,g         1
  _g_Class23_comm_speed
                                  0000539a         1   data ,g         1
  _g_Class23_window_size_transmit
                                  0000539b         1   data ,g         1
  _g_Class23_window_size_receive
                                  0000539c         1   data ,g         1
  _g_Class23_max_info_field_length_transmit
                                  0000539e         2   data ,g         1
  _g_Class23_max_info_field_length_receive
                                  000053a0         2   data ,g         1
  _g_Class23_inter_octet_time_out
                                  000053a2         2   data ,g         1
  _g_Class23_inactivity_time_out
                                  000053a4         2   data ,g         1
  _g_ChildTableClass23
                                  000053a6        18   data ,g         1
    struct tag_class23_child_record_t {
                                                  18
      _g_ChildTableClass23.logical_name
                                  000053a6         6   unsigned char
      _g_ChildTableClass23.p_access_right
                                  000053ac         4   [near pointer]
      _g_ChildTableClass23.p_comm_speed
                                  000053ae         4   [near pointer]
      _g_ChildTableClass23.p_window_size_transmit
                                  000053b0         4   [near pointer]
      _g_ChildTableClass23.p_window_size_receive
                                  000053b2         4   [near pointer]
      _g_ChildTableClass23.p_max_info_field_length_transmit
                                  000053b4         4   [near pointer]
      _g_ChildTableClass23.p_max_info_field_length_receive
                                  000053b6         4   [near pointer]
      _g_ChildTableClass23.p_inter_octet_time_out
                                  000053b8         4   [near pointer]
      _g_ChildTableClass23.p_inactivity_time_out
                                  000053ba         4   [near pointer]
      _g_ChildTableClass23.p_device_address
                                  000053bc         4   [near pointer]
    }
  _g_ChildTableLengthClass23
                                  000053be         2   data ,g         1
  _g_Class64_obj0_master_key
                                  000053c0        10   data ,g         1
  _g_Class64_obj1_master_key
                                  000053d0        10   data ,g         1
  _g_ChildTableClass64
                                  000053e0        38   data ,g         d
    struct tag_class64_child_record_t {
                                                  1c
      _g_ChildTableClass64.logical_name
                                  000053e0         6   unsigned char
      _g_ChildTableClass64.p_access_right
                                  000053e6         4   [near pointer]
      _g_ChildTableClass64.p_security_policy
                                  000053e8         4   [near pointer]
      _g_ChildTableClass64.p_security_suit
                                  000053ea         4   [near pointer]
      _g_ChildTableClass64.p_client_title
                                  000053ec         4   [near pointer]
      _g_ChildTableClass64.p_server_title
                                  000053ee         4   [near pointer]
      _g_ChildTableClass64.p_master_key
                                  000053f0         4   [near pointer]
      _g_ChildTableClass64.p_global_unicast_key
                                  000053f2         4   [near pointer]
      _g_ChildTableClass64.p_global_broadcast_key
                                  000053f4         4   [near pointer]
      _g_ChildTableClass64.p_dedicated_unicast_key
                                  000053f6         4   [near pointer]
      _g_ChildTableClass64.p_authentication_key
                                  000053f8         4   [near pointer]
      _g_ChildTableClass64.p_frame_counter
                                  000053fa         4   [near pointer]
    }
  _g_ChildTableLengthClass64
                                  00005418         2   data ,g         2
FILE=Output\r_dlms_user_interface.obj
                                  0000541a  0000543d        24
  _g_DayOfWeek
                                  0000541a         7   data ,g         2
FILE=Output\r_dlms_obis.obj
                                  0000543e  00005a5b       61e
  _g_MasterTable
                                  0000543e       5cc   data ,g        18
    struct tag_master_record_t {
                                                   e
      _g_MasterTable.class_version
                                  0000543e         1   unsigned char
      _g_MasterTable.number_attrs
                                  0000543f         1   unsigned char
      _g_MasterTable.number_methods
                                  00005440         1   unsigned char
      _g_MasterTable.fp_distributor
                                  00005442         4   [far pointer]
      _g_MasterTable.child_list_size
                                  00005446         4   [near pointer]
      _g_MasterTable.child_list_pointer
                                  00005448         4   [near pointer]
      _g_MasterTable.child_item_size
                                  0000544a         2   unsigned short
    }
  _g_TotalMasterTableElements
                                  00005a0a         2   data ,g         6
FILE=Output\r_dlms_obis_ic.obj
                                  00005a5c  00005b49        ee
  _MaxReceivePduSize@5@R_OBIS_DistributeAssociationLNClass
                                  00005a64         2   data ,l         2
  _MaxSendPduSize@6@R_OBIS_DistributeAssociationLNClass
                                  00005a66         2   data ,l         2
FILE=Output\DLMS_User.obj
                                  00005b4a  00005b83        3a
  _ServerPhysicalAddress
                                  00005b4a         4   data ,g         1
  _DeviceAddress
                                  00005b4e         7   data ,g         1
  _ManufacturerID
                                  00005b55         4   data ,g         1
  _ID
                                  00005b59         4   data ,g         1
  _UserServerConfig
                                  00005b5e        26   data ,g         1
    struct  {
                                                  26
      _UserServerConfig.Channel_info
                                  00005b5e         4   [near pointer]
      _UserServerConfig.SerialInit_FuncPtr
                                  00005b60         4   [far pointer]
      _UserServerConfig.SerialConfig_FuncPtr
                                  00005b64         4   [far pointer]
      _UserServerConfig.SerialTx_FuncPtr
                                  00005b68         4   [far pointer]
      _UserServerConfig.Server_Buffer
                                  00005b6c         4   [near pointer]
      _UserServerConfig.ServerPhysicalAddress
                                  00005b6e         4   [near pointer]
      _UserServerConfig.DeviceAddress
                                  00005b70         4   [near pointer]
      _UserServerConfig.ManufacturerID
                                  00005b72         4   [near pointer]
      _UserServerConfig.ID
                                  00005b74         4   [near pointer]
      _UserServerConfig.Server_BufferSize
                                  00005b76         2   unsigned short
      _UserServerConfig.Response_Timeout
                                  00005b78         2   unsigned short
      _UserServerConfig.Inactivity_Timeout
                                  00005b7a         2   unsigned short
      _UserServerConfig.Interframe_Timeout
                                  00005b7c         2   unsigned short
      _UserServerConfig.Channel_maxcount
                                  00005b7e         1   unsigned char
      _UserServerConfig.AdressByteMode
                                  00005b7f         1   unsigned char
      _UserServerConfig.IEC_BaudRate
                                  00005b80         1   unsigned char
      _UserServerConfig.HDLC_BaudRate
                                  00005b81         1   unsigned char
      _UserServerConfig.Windows_size
                                  00005b82         1   unsigned char
      _UserServerConfig.dummy
                                  00005b83         1   unsigned char
    }
FILE=Output\AppTampers.obj
                                  00005b84  00005bcf        4c
  _dlmsEventCode
                                  00005b84        12   data ,g         1
  _EventCountIndex
                                  00005b96         9   data ,g         7
  _EventLen
                                  00005b9f         4   data ,g         9
  _startAdd
                                  00005ba4         8   data ,g         2
FILE=Output\AppNMTask.obj
                                  00005bd0  00005bd3         4
  _nmgbltotaldays
                                  00005bd0         4   data ,g         3
FILE=aes
                                  00005bd4  00005ed2       2ff
  _sbox@4
                                  00005bd4       100   data ,l         1
  _rsbox@5
                                  00005cd4       100   data ,l         1
  _Rcon@6
                                  00005dd4        ff   data ,l         1
FILE=DLMS_Wrapper
                                  00005ed4  00005f02        2f
  _DLMSVersion
                                  00005ed4         7   data ,g         0
  _DLMSInfo
                                  00005edb        28   data ,g         0
FILE=rl78_sw_dc_correction_config
                                  00005f04  00005f17        14
  _g_dc_imunity_config_default_4k_50Hz
                                  00005f04         a   data ,g         0
  _g_dc_imunity_config_default_2k_50Hz
                                  00005f0e         a   data ,g         1
    struct tag_dc_imunity_config_t {
                                                   a
      _g_dc_imunity_config_default_2k_50Hz.peak_detect_cycle
                                  00005f0e         2   unsigned short
      _g_dc_imunity_config_default_2k_50Hz.dc_continous_count
                                  00005f10         2   unsigned short
      _g_dc_imunity_config_default_2k_50Hz.max_dc_count
                                  00005f12         2   unsigned short
      _g_dc_imunity_config_default_2k_50Hz.dc_operation_max_sample_count
                                  00005f14         2   unsigned short
      _g_dc_imunity_config_default_2k_50Hz.dc_operation_min_sample_count
                                  00005f16         2   unsigned short
    }
FILE=fcs
                                  00005f18  00006117       200
  _fcstab
                                  00005f18       200   data ,g         2

SECTION=.text
FILE=Output\cstart.obj
                                  00006118  00006171        5a
  _start
                                  00006118         0   none ,g         0
  _exit
                                  00006170         0   none ,g         1
FILE=Output\d8bitTimer.obj
                                  00006172  000061af        3e
  _Interrupt_16BIT_TIMER0@1
                                  00006172        27   func ,l         0
  _Interrupt_16BIT_TIMER1@1
                                  00006199        17   func ,l         0
FILE=Output\dRtc.obj
                                  000061b0  000061c5        16
  _Interrupt_RTC_SECOND@1
                                  000061b0        16   func ,l         0
FILE=Output\di2c.obj
                                  000061c6  000061ef        2a
  _r_iica0_interrupt@1
                                  000061c6        2a   func ,l         0
FILE=Output\dIOCtrl.obj
                                  000061f0  00006215        26
  _Interrupt_mains_supply@1
                                  000061f0         2   func ,l         0
  _Interrupt_Push_Button@1
                                  000061f2        22   func ,l         0
  _Interrupt_Cover_Switch@1
                                  00006214         2   func ,l         0
FILE=Output\dUart.obj
                                  00006216  0000633b       126
  _UART0_Interrupt_Receive@1
                                  00006216       112   func ,l         0
  _UART0_Interrupt_Send@1
                                  00006328         5   func ,l         0
  _UART2_Interrupt_Receive@1
                                  0000632d         a   func ,l         0
  _UART2_Interrupt_Send@1
                                  00006337         5   func ,l         0
FILE=Output\d12bitTimer.obj
                                  0000633c  00006437        fc
  _Interrupt_12BIT_TIMER@1
                                  0000633c        fc   func ,l         0
FILE=Output\dDeltaSigmaADC.obj
                                  00006438  00006929       4f2
  _Interrupt_DSAD@1
                                  00006438       4f2   func ,l         0
FILE=Output\dLVD.obj
                                  0000692a  0000692d         4
  _Interrupt_LVD@1
                                  0000692a         4   func ,l         0
FILE=Output\dOsd.obj
                                  0000692e  0000693c         f
  _Interrupt_OSD@1
                                  0000692e         f   func ,l         0

SECTION=.RLIB
FILE=memcpy
                                  0000693d  0000694d        11
  _memcpy
                                  0000693d         0   none ,g        20
FILE=memset
                                  0000694e  0000695b         e
  _memset
                                  0000694e         0   none ,g        10
FILE=_COM_faddsub
                                  0000695c  00006a96       13b
  __COM_fsub
                                  000069b8         0   none ,g         0
  __COM_fadd
                                  000069c0         0   none ,g         3
FILE=_COM_fdiv
                                  00006a97  00006bc4       12e
  __COM_fdiv
                                  00006af6         0   none ,g         2
FILE=_COM_ftosl
                                  00006bc5  00006bcc         8
  __COM_ftosl
                                  00006bc5         0   none ,g         1
FILE=_COM_ftoul
                                  00006bcd  00006bd8         c
  __COM_ftoul
                                  00006bcd         0   none ,g         9
FILE=_COM_llmul
                                  00006bd9  00006c22        4a
  __COM_llmul
                                  00006bd9         0   none ,g         5
  __REL_llmul_addh
                                  00006c11         0   none ,g         2
FILE=_COM_lshr
                                  00006c23  00006c43        21
  __COM_lshr
                                  00006c2d         0   none ,g         2
FILE=_COM_sidiv
                                  00006c44  00006c65        22
  __COM_sidiv
                                  00006c46         0   none ,g         2
FILE=_COM_sldiv
                                  00006c66  00006cb4        4f
  __COM_sldiv
                                  00006c6b         0   none ,g        26
FILE=_COM_slldiv
                                  00006cb5  00006d07        53
  __COM_slldiv
                                  00006cb5         0   none ,g         2
FILE=_COM_sltof
                                  00006d08  00006d1f        18
  __COM_sltof
                                  00006d08         0   none ,g         1
FILE=_COM_ulldiv
                                  00006d20  00006d49        2a
  __COM_ulldiv
                                  00006d20         0   none ,g         b
FILE=_COM_ulltof
                                  00006d4a  00006d55         c
  __COM_ulltof
                                  00006d4a         0   none ,g         7
FILE=_COM_ultof
                                  00006d56  00006d5b         6
  __COM_ultof
                                  00006d56         0   none ,g         3
FILE=_COM_fmul
                                  00006d5c  00006e48        ed
  __COM_fmul
                                  00006da7         0   none ,g         2
FILE=_COM_lmul
                                  00006e49  00006e63        1b
  __COM_lmul
                                  00006e49         0   none ,g         2
FILE=_COM_mulul
                                  00006e64  00006ec0        5d
  __COM_mulul
                                  00006e64         0   none ,g         1
FILE=_COM_sirem
                                  00006ec1  00006ee0        20
  __COM_sirem
                                  00006ec1         0   none ,g         1
FILE=_REL_ftol
                                  00006ee1  00006f15        35
  __REL_ftol
                                  00006ee1         0   none ,g         2
FILE=_REL_f_inf
                                  00006f16  00006f1d         8
  __REL_f_inf
                                  00006f16         0   none ,g         5
FILE=_REL_f_norm
                                  00006f1e  00006f2d        10
  __REL_f_norm
                                  00006f1e         0   none ,g         3
FILE=_REL_f_round
                                  00006f2e  00006f40        13
  __REL_f_round
                                  00006f2e         0   none ,g         4
FILE=_REL_lldiv
                                  00006f41  00007147       207
  __REL_lldiv
                                  00006f5d         0   none ,g         2
FILE=_REL_llrev
                                  00007148  00007167        20
  __REL_llrev
                                  00007148         0   none ,g         3
FILE=_REL_lltof
                                  00007168  000071c4        5d
  __REL_lltof
                                  00007168         0   none ,g         1
FILE=_REL_ltof
                                  000071c5  0000720e        4a
  __REL_ltof
                                  000071c5         0   none ,g         2
FILE=_REL_ltosl
                                  0000720f  00007233        25
  __REL_ltosl
[...]
                                 0001ed29 0084(0001ee63:.textf)
                                          0084(0001eebd:.textf)
                                          0084(0001ef4f:.textf)
                                          0084(0001efd9:.textf)
                 _DataLinkHDLCEncodeEnd
                                 0001edac 0084(0001ee77:.textf)
                                          0084(0001eee2:.textf)
                                          0084(0001efbb:.textf)
                 _DataLinkConnectionRequest
                                 0001ee3b 0055(0001c5c8:.textf)
                 _DataLinkConnectionRespond
                                 0001ee55 0055(0001c5fc:.textf)
                 _DataLinkDisConnectionRequest
                                 0001eea4 0055(0001c5de:.textf)
                 _DataLinkDisConnectionRespond
                                 0001eeaf 0055(0001c55c:.textf)
                                          0055(0001c5e9:.textf)
                 _DataLinkUIRecieved
                                 0001ef04 0055(0001c5f1:.textf)
                                          0055(0001c604:.textf)
                 _DataLinkInfoRecieved
                                 0001ef0f 0055(0001c624:.textf)
                 _DataLinkInfoResponse
                                 0001ef29 0055(0001c636:.textf)
                 _DataLinkRRRecieved
                                 0001ef5a 0055(0001c643:.textf)
                 _DataLinkRRRespond
                                 0001ef74 0055(0001c654:.textf)
                 _DataLinkFRMRRespond
                                 0001ef8e 0055(0001c674:.textf)
                 _DataLinkUIEventNotify
                                 0001efa8 0055(0001c60f:.textf)
                                          0055(0001c61e:.textf)
                                          0055(0001c64e:.textf)
                 _DatalinkMemCopy
                                 0001efab 0058(0001d572:.textf)
                                          0058(0001d583:.textf)
                                          0058(0001d7c4:.textf)
                                          0058(0001d7f3:.textf)
                                          0058(0001d82c:.textf)
                                          0058(0001d861:.textf)
                                          0058(0001d87b:.textf)
                                          0058(0001d95c:.textf)
                                          0058(0001d96b:.textf)
                                          0058(0001d972:.textf)
                                          0058(0001d98e:.textf)
                                          0058(0001d998:.textf)
                                          0058(0001d9aa:.textf)
                                          0058(0001d9c4:.textf)
                                          0058(0001d9ec:.textf)
                                          0058(0001d9fd:.textf)
                                          0083(0001e1cc:.textf)
                                          0083(0001e1e0:.textf)
                                          0083(0001e208:.textf)
                                          0083(0001e23e:.textf)
                                          0083(0001e252:.textf)
                                          0083(0001e3a9:.textf)
                                          0083(0001e3ef:.textf)
                                          0083(0001e447:.textf)
                                          0083(0001e478:.textf)
                                          0083(0001e4fa:.textf)
                                          0083(0001e509:.textf)
                                          0083(0001e54b:.textf)
                                          0083(0001e586:.textf)
                                          0083(0001e684:.textf)
                                          0083(0001e6c8:.textf)
                                          0083(0001e7b6:.textf)
                                          0083(0001e91c:.textf)
                                          0083(0001e92a:.textf)
                                          0083(0001e968:.textf)
                                          0083(0001e976:.textf)
                                          0086(0001f24f:.textf)
                                          0086(0001f290:.textf)
                                          0087(0001f2c3:.textf)
                                          0103(0001f72f:.textf)
                                          0103(0001f755:.textf)
                                          0103(0001f84a:.textf)
                                          0104(0001f86b:.textf)
     SECTION=.bss
                 _HDLC_FrameOutput
                                 000ffb7c 0084(0001ed2c:.textf)
                                          0084(0001ed35:.textf)
                                          0084(0001ed38:.textf)
                                          0084(0001ed3e:.textf)
                                          0084(0001ed44:.textf)
                                          0084(0001ed50:.textf)
                                          0084(0001ed68:.textf)
                                          0084(0001ed73:.textf)
                                          0084(0001ed9b:.textf)
                                          0084(0001ed9f:.textf)
                                          0084(0001eda6:.textf)
                                          0084(0001eda9:.textf)
                                          0084(0001ee68:.textf)
                                          0084(0001ee74:.textf)
                                          0084(0001eeca:.textf)
                                          0084(0001eed6:.textf)
                                          0084(0001eedf:.textf)
                                          0084(0001ef34:.textf)
                                          0084(0001ef7c:.textf)
                                          0084(0001ef96:.textf)
                                          0084(0001efb8:.textf)
                                          0084(0001f00b:.textf)
                 _FRMR_Response
                                 000ffb8a 0084(0001ebd8:.textf)
                                          0084(0001ebdb:.textf)
                                          0084(0001ec1d:.textf)
                                          0084(0001ec20:.textf)
                                          0104(0001f868:.textf)
0085 Datalink_Timeout
     SECTION=.textf
                 _DataLinkTimeoutInit
                                 0001f01c 0084(0001e9bc:.textf)
                 _DataLinkTimeoutCount
                                 0001f05c 0061(0001dd86:.textf)
                 _DataLinkTimeoutResponseSTART
                                 0001f145
                 _DataLinkTimeoutResponseRESET
                                 0001f154 0085(0001f04f:.textf)
                 _DataLinkTimeoutResponseSTOP
                                 0001f15c 0085(0001f040:.textf)
                 _DataLinkTimeoutInterFrameSTART
                                 0001f162 0084(0001e9ea:.textf)
                 _DataLinkTimeoutInterFrameRESET
                                 0001f171 0084(0001e9cf:.textf)
                                          0084(0001ea58:.textf)
                                          0085(0001f05a:.textf)
                                          0085(0001f0e3:.textf)
                                          0085(0001f126:.textf)
                 _DataLinkTimeoutInterFrameSTOP
                                 0001f179 0084(0001ea5e:.textf)
                                          0085(0001f04a:.textf)
                                          0085(0001f1b2:.textf)
                 _DataLinkTimeoutInactivitySTART
                                 0001f17f 0055(0001c5c2:.textf)
                                          0084(0001ea83:.textf)
                                          0084(0001ee2d:.textf)
                                          0084(0001ee9e:.textf)
                 _DataLinkTimeoutInactivityRESET
                                 0001f18e 0055(0001c5ba:.textf)
                                          0084(0001e9d5:.textf)
                                          0084(0001ea7b:.textf)
                                          0085(0001f054:.textf)
                                          0085(0001f0dc:.textf)
                 _DataLinkTimeoutInactivitySTOP
                                 0001f196 0084(0001e9f0:.textf)
                                          0085(0001f045:.textf)
                                          0085(0001f0ea:.textf)
0086 ActionService
     SECTION=.textf
                 _ResetActionAsyncService
                                 0001f1d3
                 _DecodeActionRequestNormal
                                 0001f1d4 0056(0001c8e6:.textf)
                 _DecodeActionRequestNextPBlk
                                 0001f226 0056(0001c8ed:.textf)
                 _DecodeActionRequestWithList
                                 0001f227 0056(0001c8f4:.textf)
                 _DecodeActionRequestWithFirstBlk
                                 0001f228 0056(0001c8fb:.textf)
                 _DecodeActionRequestListFirstBlk
                                 0001f229 0056(0001c902:.textf)
                 _DecodeActionRequestWithPBlk
                                 0001f22a 0056(0001c909:.textf)
                 _DecodeActionRequestFail
                                 0001f22b 0056(0001c8df:.textf)
                 _EncodeActionResponseNormal
                                 0001f22c 0056(0001c959:.textf)
                 _EncodeActionResponseWithPBlk
                                 0001f287 0056(0001c944:.textf)
                 _EncodeActionResponseNextPBlk
                                 0001f289 0056(0001c952:.textf)
                 _EncodeActionResponseWithList
                                 0001f28b 0056(0001c94b:.textf)
                 _EncodeActionResponseFail
                                 0001f28d 0056(0001c93d:.textf)
     SECTION=.bss
                 _Action_Req_Normal
                                 000ffb8e 0086(0001f1d8:.textf)
                                          0086(0001f1e7:.textf)
                                          0086(0001f200:.textf)
                                          0086(0001f21c:.textf)
                 _ActionResponseNormal
                                 000ffb9c 0086(0001f203:.textf)
                                          0086(0001f221:.textf)
                                          0086(0001f240:.textf)
                                          0086(0001f24c:.textf)
                 _Action_Data_Pointer
                                 000ffba0 0086(0001f233:.textf)
                                          0086(0001f253:.textf)
                                          0086(0001f26e:.textf)
0087 EventService
     SECTION=.textf
                 _EncodeEventNotificationRequest
                                 0001f296 0056(0001c99b:.textf)
0088 errno
     SECTION=.dataR
                 _errno
                                 000fe41e 0064(00007297:.SLIB)
                                          0066(00007312:.SLIB)
                                          0066(0000731a:.SLIB)
     SECTION=.data
0089 _COM_fmul
     SECTION=.RLIB
                 __COM_fmul
                                 00006da7 0066(000072ea:.SLIB)
                                          0066(000072fb:.SLIB)
0090 _COM_lmul
     SECTION=.RLIB
                 __COM_lmul
                                 00006e49 0074(00006bf2:.RLIB)
                                          0074(00006c07:.RLIB)
0091 _COM_mulul
     SECTION=.RLIB
                 __COM_mulul
                                 00006e64 0074(00006be9:.RLIB)
0092 _COM_sirem
     SECTION=.RLIB
                 __COM_sirem
                                 00006ec1 0060(0001dd00:.textf)
0093 _REL_ftol
     SECTION=.RLIB
                 __REL_ftol
                                 00006ee1 0072(00006bc6:.RLIB)
                                          0073(00006bd3:.RLIB)
0094 _REL_f_inf
     SECTION=.RLIB
                 __REL_f_inf
                                 00006f16 0070(00006a4f:.RLIB)
                                          0071(00006ae0:.RLIB)
                                          0071(00006b80:.RLIB)
                                          0089(00006d79:.RLIB)
                                          0089(00006e1c:.RLIB)
0095 _REL_f_norm
     SECTION=.RLIB
                 __REL_f_norm
                                 00006f1e 0071(00006ac1:.RLIB)
                                          0071(00006aec:.RLIB)
                                          0089(00006d9a:.RLIB)
0096 _REL_f_round
     SECTION=.RLIB
                 __REL_f_round
                                 00006f2e 0070(00006a5c:.RLIB)
                                          0070(00006a94:.RLIB)
                                          0071(00006bc2:.RLIB)
                                          0089(00006e29:.RLIB)
0097 _REL_lldiv
     SECTION=.RLIB
                 __REL_lldiv
                                 00006f5d 0078(00006cfc:.RLIB)
                                          0080(00006d47:.RLIB)
0098 _REL_llrev
     SECTION=.RLIB
                 __REL_llrev
                                 00007148 0078(00006ce1:.RLIB)
                                          0078(00006cf1:.RLIB)
                                          0078(00006d04:.RLIB)
0099 _REL_lltof
     SECTION=.RLIB
                 __REL_lltof
                                 00007168 0081(00006d53:.RLIB)
0100 _REL_ltof
     SECTION=.RLIB
                 __REL_ltof
                                 000071c5 0079(00006d1d:.RLIB)
                                          0082(00006d59:.RLIB)
0101 _REL_ltosl
     SECTION=.RLIB
                 __REL_ltosl
                                 0000720f 0072(00006bca:.RLIB)
0102 SNRM_UA
     SECTION=.textf
                 _DataLinkSNRMdecode
                                 0001f2d2 0084(0001ee45:.textf)
                 _DataLinkUAencode
                                 0001f3e5 0084(0001ee6b:.textf)
                                          0084(0001eecd:.textf)
                 _DataLinkDMencode
                                 0001f507 0084(0001eed9:.textf)
0103 IFRAME
     SECTION=.textf
                 _DataLinkSegmentClear
                                 0001f51c 0084(0001e9af:.textf)
                                          0103(0001f5ff:.textf)
                 _DataLinkIFrameDecode
                                 0001f546 0084(0001ef19:.textf)
                 _IFrameDataDecode
                                 0001f621 0103(0001f5e4:.textf)
                 _DataLinkIFrameEncode
                                 0001f69a 0084(0001ef37:.textf)
                 _IFrameDataEncode
                                 0001f772 0103(0001f6b4:.textf)
                 _DataLinkRRDecode
                                 0001f7d0 0084(0001ef64:.textf)
                 _DataLinkRREncode
                                 0001f7fa 0084(0001ef7f:.textf)
0104 FRMR
     SECTION=.textf
                 _DataLinkFRMRencode
                                 0001f84e 0084(0001ef99:.textf)
0105 fcs
     SECTION=.const
                 _fcstab
                                 00005f18 0105(0001f8a4:.textf)
                                          0105(0001f8b0:.textf)
     SECTION=.textf
                 _CalcFcs
                                 0001f87a 0084(0001effa:.textf)
                                          0084(0001f012:.textf)
     SECTION=.bss
                 _current
                                 000ffba2 0105(0001f886:.textf)
                                          0105(0001f8bf:.textf)
                                          0105(0001f8ce:.textf)
                 _test
                                 000ffba4 0105(0001f87f:.textf)
                 _test2
                                 000ffba6 0105(0001f89b:.textf)
                 _test3
                                 000ffba8 0105(0001f8a7:.textf)
0106 _COM_mului
     SECTION=.RLIB
                 __COM_mului
                                 00007234 0091(00006e6a:.RLIB)
                                          0091(00006e79:.RLIB)
                                          0091(00006e8f:.RLIB)
                                          0091(00006eac:.RLIB)
0107 _REL_setexp_ll
     SECTION=.RLIB
                 __REL_setexp_ll
                                 00007238 0099(0000717e:.RLIB)
0108 rlink_generates_01
     SECTION=.option_byte
0109 rlink_generates_02
     SECTION=.monitor1
     SECTION=.monitor2
0110 rlink_generates_03
     SECTION=.security_id
0111 rlink_generates_04
     SECTION=.vect
0112 rlink_generates_05
     SECTION=
                 __s.vect
                                 00000000
                 __e.vect
                                 00000080
                 __s.option_byte
                                 000000c0
                 __e.option_byte
                                 000000c4
                 __s.security_id
                                 000000c4
                 __s.monitor1
                                 000000ce
                 __e.security_id
                                 000000ce
                 __e.monitor1
                                 000000d8
                 __sDEFAULT_SET_AT400
                                 00000400
                 __eDEFAULT_SET_AT400
                                 00000536
                 __sBOOT_VTABLE_AT1000
                                 00001000
                 __s.const
                                 00003000
                 __eBOOT_VTABLE_AT1000
                                 00003000
                 __s.text
                                 00006118
                 __e.const
                                 00006118
                 __e.text
                                 0000693d
                 __s.RLIB
                                 0000693d
                 __e.RLIB
                                 00007282
                 __s.SLIB
                                 00007282
                 __s.textf
                                 000074de
                 __e.SLIB
                                 000074de
                 __e.textf
                                 0001f8d3
                 __s.constf
                                 0001f8d4
                 __e.constf
                                 0001f8d4
                 __s.data
                                 0001f8d4
                 __e.data
                                 0001fdf4
                 __s.sdata
                                 0001fdf4
                 __e.sdata
                                 0001fdf4
                 __s.monitor2
                                 0001fe00
                 __e.monitor2
                                 00020000
                 __s.dataR
                                 000fdf00
                 __RAM_ADDR_START
                                 000fdf00
                 __s.bss
                                 000fe420
                 __e.dataR
                                 000fe420
                 __e.bss
                                 000ffbaa
                 __STACK_ADDR_END
                                 000ffbaa 0002(0000611d:.text)
                 __s.sbss
                                 000ffe20
                 __e.sbss
                                 000ffe20
                 __s.sdataR
                                 000ffe20
                 __e.sdataR
                                 000ffe20
                 __STACK_ADDR_START
                                 000ffe20 0002(0000611a:.text)
                 __RAM_ADDR_END
                                 000ffee0
